[html.modernwebtemplates.com/medico/index_veterenary.html]
[backblue.gif]
[fade.gif]
[index.html]
[html.modernwebtemplates.com/medico/css/bootstrap.min.css]
[html.modernwebtemplates.com/medico/css/main2.css]
[html.modernwebtemplates.com/medico/css/animations.css]
[html.modernwebtemplates.com/medico/css/fonts.css]
[html.modernwebtemplates.com/medico/layerslider/css/layerslider.css]
[html.modernwebtemplates.com/medico/js/vendor/modernizr-2.6.2.min.js]
[html.modernwebtemplates.com/medico/images/logo_veterinary.png]
[html.modernwebtemplates.com/medico/index.html]
[html.modernwebtemplates.com/medico/index-2.html]
[html.modernwebtemplates.com/medico/index_singlepage.html]
[html.modernwebtemplates.com/medico/index_flexslider.html]
[html.modernwebtemplates.com/medico/about.html]
[html.modernwebtemplates.com/medico/about2.html]
[html.modernwebtemplates.com/medico/staff.html]
[html.modernwebtemplates.com/medico/staff-3-cols.html]
[html.modernwebtemplates.com/medico/staff-4-cols.html]
[html.modernwebtemplates.com/medico/staff2.html]
[html.modernwebtemplates.com/medico/staff2-2-cols.html]
[html.modernwebtemplates.com/medico/team-single.html]
[html.modernwebtemplates.com/medico/events-left.html]
[html.modernwebtemplates.com/medico/team-single2.html]
[html.modernwebtemplates.com/medico/events-right.html]
[html.modernwebtemplates.com/medico/events-full.html]
[html.modernwebtemplates.com/medico/event-single-left.html]
[html.modernwebtemplates.com/medico/event-single-right.html]
[html.modernwebtemplates.com/medico/event-single-full.html]
[html.modernwebtemplates.com/medico/services.html]
[html.modernwebtemplates.com/medico/services2.html]
[html.modernwebtemplates.com/medico/departments.html]
[html.modernwebtemplates.com/medico/timetable.html]
[html.modernwebtemplates.com/medico/pricing.html]
[html.modernwebtemplates.com/medico/faq.html]
[html.modernwebtemplates.com/medico/testimonials.html]
[html.modernwebtemplates.com/medico/404.html]
[html.modernwebtemplates.com/medico/4042.html]
[html.modernwebtemplates.com/medico/comingsoon2.html]
[html.modernwebtemplates.com/medico/comingsoon.html]
[html.modernwebtemplates.com/medico/comingsoon3.html]
[html.modernwebtemplates.com/medico/shortcodes_teasers.html]
[html.modernwebtemplates.com/medico/shortcodes_buttons.html]
[html.modernwebtemplates.com/medico/shortcodes_progress.html]
[html.modernwebtemplates.com/medico/shortcodes_pricing.html]
[html.modernwebtemplates.com/medico/shortcodes_tabs.html]
[html.modernwebtemplates.com/medico/shortcodes_socialicons.html]
[html.modernwebtemplates.com/medico/shortcodes_bootstrap.html]
[html.modernwebtemplates.com/medico/shortcodes_typography.html]
[html.modernwebtemplates.com/medico/shortcodes_widgets.html]
[html.modernwebtemplates.com/medico/header.html]
[html.modernwebtemplates.com/medico/header2.html]
[html.modernwebtemplates.com/medico/header3.html]
[html.modernwebtemplates.com/medico/header4.html]
[html.modernwebtemplates.com/medico/header5.html]
[html.modernwebtemplates.com/medico/header6.html]
[html.modernwebtemplates.com/medico/header7.html]
[html.modernwebtemplates.com/medico/header1.html]
[html.modernwebtemplates.com/medico/breadcrumbs.html]
[html.modernwebtemplates.com/medico/breadcrumbs2.html]
[html.modernwebtemplates.com/medico/breadcrumbs3.html]
[html.modernwebtemplates.com/medico/breadcrumbs4.html]
[html.modernwebtemplates.com/medico/breadcrumbs5.html]
[html.modernwebtemplates.com/medico/footer.html]
[html.modernwebtemplates.com/medico/footer2.html]
[html.modernwebtemplates.com/medico/footer3.html]
[html.modernwebtemplates.com/medico/footer4.html]
[html.modernwebtemplates.com/medico/footer5.html]
[html.modernwebtemplates.com/medico/copyright.html]
[html.modernwebtemplates.com/medico/copyright2.html]
[html.modernwebtemplates.com/medico/copyright3.html]
[html.modernwebtemplates.com/medico/copyright4.html]
[html.modernwebtemplates.com/medico/copyright5.html]
[html.modernwebtemplates.com/medico/copyright6.html]
[html.modernwebtemplates.com/medico/icons.html]
[html.modernwebtemplates.com/medico/animation.html]
[html.modernwebtemplates.com/medico/gallery-regular.html]
[html.modernwebtemplates.com/medico/gallery-regular-2-cols.html]
[html.modernwebtemplates.com/medico/gallery-regular-3-cols.html]
[html.modernwebtemplates.com/medico/gallery-regular-4-cols.html]
[html.modernwebtemplates.com/medico/gallery-fullwidth.html]
[html.modernwebtemplates.com/medico/gallery-fullwidth-3-cols.html]
[html.modernwebtemplates.com/medico/gallery-fullwidth-4-cols.html]
[html.modernwebtemplates.com/medico/gallery-fullwidth-6-cols.html]
[html.modernwebtemplates.com/medico/gallery-extended.html]
[html.modernwebtemplates.com/medico/gallery-extended-2-cols.html]
[html.modernwebtemplates.com/medico/gallery-extended-3-cols.html]
[html.modernwebtemplates.com/medico/gallery-carousel.html]
[html.modernwebtemplates.com/medico/gallery-carousel-2-cols.html]
[html.modernwebtemplates.com/medico/gallery-carousel-3-cols.html]
[html.modernwebtemplates.com/medico/gallery-carousel-4-cols.html]
[html.modernwebtemplates.com/medico/gallery-tile.html]
[html.modernwebtemplates.com/medico/gallery-left.html]
[html.modernwebtemplates.com/medico/gallery-left-2-cols.html]
[html.modernwebtemplates.com/medico/gallery-right.html]
[html.modernwebtemplates.com/medico/gallery-right-2-cols.html]
[html.modernwebtemplates.com/medico/gallery-single.html]
[html.modernwebtemplates.com/medico/gallery-single2.html]
[html.modernwebtemplates.com/medico/gallery-single3.html]
[html.modernwebtemplates.com/medico/blog-right.html]
[html.modernwebtemplates.com/medico/blog-left.html]
[html.modernwebtemplates.com/medico/blog-right-2-cols.html]
[html.modernwebtemplates.com/medico/blog-left-2-cols.html]
[html.modernwebtemplates.com/medico/blog-full.html]
[html.modernwebtemplates.com/medico/blog-full-2-cols.html]
[html.modernwebtemplates.com/medico/blog-full-3-cols.html]
[html.modernwebtemplates.com/medico/blog-single-right.html]
[html.modernwebtemplates.com/medico/blog-single-left.html]
[html.modernwebtemplates.com/medico/blog-single-full.html]
[html.modernwebtemplates.com/medico/shop-left.html]
[html.modernwebtemplates.com/medico/shop-right.html]
[html.modernwebtemplates.com/medico/shop-full.html]
[html.modernwebtemplates.com/medico/shop-list-left.html]
[html.modernwebtemplates.com/medico/shop-list-right.html]
[html.modernwebtemplates.com/medico/shop-list-full.html]
[html.modernwebtemplates.com/medico/product-left.html]
[html.modernwebtemplates.com/medico/product-right.html]
[html.modernwebtemplates.com/medico/product-full.html]
[html.modernwebtemplates.com/medico/cart-left.html]
[html.modernwebtemplates.com/medico/cart-right.html]
[html.modernwebtemplates.com/medico/cart-full.html]
[html.modernwebtemplates.com/medico/checkout-left.html]
[html.modernwebtemplates.com/medico/checkout-right.html]
[html.modernwebtemplates.com/medico/checkout-full.html]
[html.modernwebtemplates.com/medico/register.html]
[html.modernwebtemplates.com/medico/contact.html]
[html.modernwebtemplates.com/medico/contact2.html]
[html.modernwebtemplates.com/medico/contact3.html]
[html.modernwebtemplates.com/medico/images/slide01_veterenary.jpg]
[html.modernwebtemplates.com/medico/images/slide02_veterenary.jpg]
[html.modernwebtemplates.com/medico/images/teaser01.jpg]
[html.modernwebtemplates.com/medico/images/teaser02.jpg]
[html.modernwebtemplates.com/medico/images/teaser03.jpg]
[html.modernwebtemplates.com/medico/images/gallery/01.jpg]
[html.modernwebtemplates.com/medico/images/gallery/02.jpg]
[html.modernwebtemplates.com/medico/images/gallery/03.jpg]
[html.modernwebtemplates.com/medico/images/gallery/04.jpg]
[html.modernwebtemplates.com/medico/images/gallery/05.jpg]
[html.modernwebtemplates.com/medico/images/gallery/06.jpg]
[html.modernwebtemplates.com/medico/images/gallery/07.jpg]
[html.modernwebtemplates.com/medico/images/gallery/08.jpg]
[html.modernwebtemplates.com/medico/images/gallery/09.jpg]
[html.modernwebtemplates.com/medico/images/gallery/14.jpg]
[html.modernwebtemplates.com/medico/images/gallery/15.jpg]
[html.modernwebtemplates.com/medico/images/recent_post1.jpg]
[html.modernwebtemplates.com/medico/images/recent_post2.jpg]
[html.modernwebtemplates.com/medico/images/man.png]
[html.modernwebtemplates.com/medico/images/team/01.jpg]
[html.modernwebtemplates.com/medico/images/team/02.jpg]
[html.modernwebtemplates.com/medico/images/team/03.jpg]
[html.modernwebtemplates.com/medico/images/team/04.jpg]
[html.modernwebtemplates.com/medico/images/team/05.jpg]
[html.modernwebtemplates.com/medico/images/team/06.jpg]
[html.modernwebtemplates.com/medico/images/team/07.jpg]
[html.modernwebtemplates.com/medico/images/partners_grey/partner1.png]
[html.modernwebtemplates.com/medico/images/partners_grey/partner2.png]
[html.modernwebtemplates.com/medico/images/partners_grey/partner3.png]
[html.modernwebtemplates.com/medico/images/partners_grey/partner4.png]
[html.modernwebtemplates.com/medico/images/partners_grey/partner5.png]
[html.modernwebtemplates.com/medico/images/partners_grey/partner6.png]
[html.modernwebtemplates.com/cdn-cgi/scripts/5c5dd728/cloudflare-static/email-decode.min.js]
[html.modernwebtemplates.com/medico/js/main.js]
[html.modernwebtemplates.com/medico/js/switcher.js]
[html.modernwebtemplates.com/medico/index_veterenary.html]
[html.modernwebtemplates.com/medico/js/compressed.js]
[html.modernwebtemplates.com/medico/fonts/glyphicons-halflings-regular.eot]
[html.modernwebtemplates.com/medico/fonts/glyphicons-halflings-regulard41d.eot]
[html.modernwebtemplates.com/medico/fonts/glyphicons-halflings-regular.woff2]
[html.modernwebtemplates.com/medico/fonts/glyphicons-halflings-regular.woff]
[html.modernwebtemplates.com/medico/fonts/glyphicons-halflings-regular.ttf]
[html.modernwebtemplates.com/medico/css/bootstrap.min.css]
[html.modernwebtemplates.com/medico/fonts/glyphicons-halflings-regular.svg]
[html.modernwebtemplates.com/medico/img/background_section.png]
[html.modernwebtemplates.com/medico/img/preloader.gif]
[html.modernwebtemplates.com/medico/img/pattern1.png]
[html.modernwebtemplates.com/medico/img/pattern2.png]
[html.modernwebtemplates.com/medico/img/pattern3.png]
[html.modernwebtemplates.com/medico/img/pattern4.png]
[html.modernwebtemplates.com/medico/img/pattern5.png]
[html.modernwebtemplates.com/medico/img/pattern6.png]
[html.modernwebtemplates.com/medico/img/pattern7.png]
[html.modernwebtemplates.com/medico/img/pattern8.png]
[html.modernwebtemplates.com/medico/img/pattern9.png]
[html.modernwebtemplates.com/medico/img/pattern10.png]
[html.modernwebtemplates.com/medico/img/pattern11.png]
[html.modernwebtemplates.com/medico/images/parallax/breadcrumbs.jpg]
[html.modernwebtemplates.com/medico/images/parallax/comingsoon1.jpg]
[html.modernwebtemplates.com/medico/images/parallax/comingsoon2.jpg]
[html.modernwebtemplates.com/medico/images/parallax/comingsoon3.jpg]
[html.modernwebtemplates.com/medico/images/parallax/donate.jpg]
[html.modernwebtemplates.com/medico/images/parallax/progress.jpg]
[html.modernwebtemplates.com/medico/images/parallax/subscribe.jpg]
[html.modernwebtemplates.com/medico/images/parallax/blog.jpg]
[html.modernwebtemplates.com/medico/images/parallax/services.html]
[html.modernwebtemplates.com/medico/images/parallax/featured.jpg]
[html.modernwebtemplates.com/medico/images/parallax/skills.jpg]
[html.modernwebtemplates.com/medico/images/parallax/map.jpg]
[html.modernwebtemplates.com/medico/img/prettyPhoto/facebook/sprite.png]
[html.modernwebtemplates.com/medico/img/prettyPhoto/facebook/loader.gif]
[html.modernwebtemplates.com/medico/img/prettyPhoto/facebook/btnNext.png]
[html.modernwebtemplates.com/medico/img/prettyPhoto/facebook/btnPrevious.png]
[html.modernwebtemplates.com/medico/img/prettyPhoto/facebook/default_thumbnail.gif]
[html.modernwebtemplates.com/medico/img/prettyPhoto/light_rounded/btnNext.png]
[html.modernwebtemplates.com/medico/css/main2.css]
[html.modernwebtemplates.com/medico/css/animations.css]
[html.modernwebtemplates.com/medico/fonts/rt-icons-23dab.eot]
[html.modernwebtemplates.com/medico/fonts/rt-icons-23dab.ttf]
[html.modernwebtemplates.com/medico/fonts/rt-icons-23dab.woff]
[html.modernwebtemplates.com/medico/fonts/rt-icons-2d41d.eot]
[html.modernwebtemplates.com/medico/fonts/socicon.eot]
[html.modernwebtemplates.com/medico/fonts/rt-icons-23dab.svg]
[html.modernwebtemplates.com/medico/fonts/socicond41d.eot]
[html.modernwebtemplates.com/medico/fonts/socicon.woff]
[html.modernwebtemplates.com/medico/fonts/socicon.woff2]
[html.modernwebtemplates.com/medico/fonts/socicon.ttf]
[html.modernwebtemplates.com/medico/fonts/socicon.svg]
[html.modernwebtemplates.com/medico/fonts/fontawesome-webfont5b62.eot]
[html.modernwebtemplates.com/medico/fonts/fontawesome-webfont5b62.woff2]
[html.modernwebtemplates.com/medico/fonts/fontawesome-webfontd41d.eot]
[html.modernwebtemplates.com/medico/fonts/fontawesome-webfont5b62.woff]
[html.modernwebtemplates.com/medico/css/fonts.css]
[html.modernwebtemplates.com/medico/fonts/fontawesome-webfont5b62.ttf]
[html.modernwebtemplates.com/medico/fonts/fontawesome-webfont5b62.svg]
[html.modernwebtemplates.com/medico/layerslider/css/blank.gif]
[html.modernwebtemplates.com/medico/layerslider/css/layerslider.css]
[html.modernwebtemplates.com/medico/css/main.css]
[html.modernwebtemplates.com/medico/images/logo.png]
[html.modernwebtemplates.com/medico/images/slide_bg.jpg]
[html.modernwebtemplates.com/medico/images/slide_woman.png]
[html.modernwebtemplates.com/medico/images/slide_bg2.png]
[html.modernwebtemplates.com/medico/images/slide_man.png]
[html.modernwebtemplates.com/medico/images/slide03.jpg]
[html.modernwebtemplates.com/medico/images/girl.png]
[html.modernwebtemplates.com/medico/images/ipad.png]
[html.modernwebtemplates.com/medico/index.html]
[html.modernwebtemplates.com/medico/index-2.html]
[html.modernwebtemplates.com/medico/images/gallery/16.jpg]
[html.modernwebtemplates.com/medico/images/gallery/13.jpg]
[html.modernwebtemplates.com/medico/images/gallery/10.jpg]
[html.modernwebtemplates.com/medico/images/gallery/12.jpg]
[html.modernwebtemplates.com/medico/index_singlepage.html]
[html.modernwebtemplates.com/medico/images/slide01.jpg]
[html.modernwebtemplates.com/medico/images/slide02.jpg]
[html.modernwebtemplates.com/medico/index_flexslider.html]
[html.modernwebtemplates.com/medico/about.html]
[html.modernwebtemplates.com/medico/images/girl_short.png]
[html.modernwebtemplates.com/medico/about2.html]
[html.modernwebtemplates.com/medico/staff.html]
[html.modernwebtemplates.com/medico/staff-3-cols.html]
[html.modernwebtemplates.com/medico/staff-4-cols.html]
[html.modernwebtemplates.com/medico/staff2.html]
[html.modernwebtemplates.com/medico/staff2-2-cols.html]
[html.modernwebtemplates.com/medico/team-single.html]
[html.modernwebtemplates.com/medico/team-single2.html]
[html.modernwebtemplates.com/medico/images/events/01.jpg]
[html.modernwebtemplates.com/medico/images/events/02.jpg]
[html.modernwebtemplates.com/medico/images/events/03.jpg]
[html.modernwebtemplates.com/medico/images/events/04.jpg]
[html.modernwebtemplates.com/medico/images/events/05.jpg]
[html.modernwebtemplates.com/medico/images/events/06.jpg]
[html.modernwebtemplates.com/medico/events-left.html]
[html.modernwebtemplates.com/medico/events-right.html]
[html.modernwebtemplates.com/medico/events-full.html]
[html.modernwebtemplates.com/medico/event-single-left.html]
[html.modernwebtemplates.com/medico/event-single-right.html]
[html.modernwebtemplates.com/medico/event-single-full.html]
[html.modernwebtemplates.com/medico/services.html]
[html.modernwebtemplates.com/medico/services2.html]
[html.modernwebtemplates.com/medico/departments.html]
[html.modernwebtemplates.com/medico/timetable.html]
[html.modernwebtemplates.com/medico/pricing.html]
[html.modernwebtemplates.com/medico/faq.html]
[html.modernwebtemplates.com/medico/testimonials.html]
[html.modernwebtemplates.com/medico/404.html]
[html.modernwebtemplates.com/medico/4042.html]
[html.modernwebtemplates.com/medico/comingsoon.html]
[html.modernwebtemplates.com/medico/comingsoon2.html]
[html.modernwebtemplates.com/medico/comingsoon3.html]
[html.modernwebtemplates.com/medico/shortcodes_teasers.html]
[html.modernwebtemplates.com/medico/shortcodes_buttons.html]
[html.modernwebtemplates.com/medico/shortcodes_progress.html]
[html.modernwebtemplates.com/medico/shortcodes_pricing.html]
[html.modernwebtemplates.com/medico/shortcodes_socialicons.html]
[html.modernwebtemplates.com/medico/shortcodes_tabs.html]
[html.modernwebtemplates.com/medico/shortcodes_bootstrap.html]
[html.modernwebtemplates.com/medico/shortcodes_typography.html]
[html.modernwebtemplates.com/medico/images/shop/01.jpg]
[html.modernwebtemplates.com/medico/images/shop/02.jpg]
[html.modernwebtemplates.com/medico/images/shop/03.jpg]
[html.modernwebtemplates.com/medico/shortcodes_widgets.html]
[html.modernwebtemplates.com/medico/header.html]
[html.modernwebtemplates.com/medico/header2.html]
[html.modernwebtemplates.com/medico/header3.html]
[html.modernwebtemplates.com/medico/header4.html]
[html.modernwebtemplates.com/medico/header5.html]
[html.modernwebtemplates.com/medico/header6.html]
[html.modernwebtemplates.com/medico/header7.html]
[html.modernwebtemplates.com/medico/header1.html]
[html.modernwebtemplates.com/medico/breadcrumbs.html]
[html.modernwebtemplates.com/medico/breadcrumbs2.html]
[html.modernwebtemplates.com/medico/breadcrumbs3.html]
[html.modernwebtemplates.com/medico/breadcrumbs4.html]
[html.modernwebtemplates.com/medico/breadcrumbs5.html]
[html.modernwebtemplates.com/medico/footer.html]
[html.modernwebtemplates.com/medico/footer2.html]
[html.modernwebtemplates.com/medico/footer3.html]
[html.modernwebtemplates.com/medico/register-right.html]
[html.modernwebtemplates.com/medico/footer4.html]
[html.modernwebtemplates.com/medico/footer5.html]
[html.modernwebtemplates.com/medico/copyright.html]
[html.modernwebtemplates.com/medico/copyright2.html]
[html.modernwebtemplates.com/medico/copyright3.html]
[html.modernwebtemplates.com/medico/copyright4.html]
[html.modernwebtemplates.com/medico/copyright5.html]
[html.modernwebtemplates.com/medico/copyright6.html]
[html.modernwebtemplates.com/medico/icons.html]
[html.modernwebtemplates.com/medico/animation.html]
[html.modernwebtemplates.com/medico/gallery.html]
[html.modernwebtemplates.com/medico/images/gallery/11.jpg]
[html.modernwebtemplates.com/medico/gallery-regular.html]
[html.modernwebtemplates.com/medico/gallery-regular-2-cols.html]
[html.modernwebtemplates.com/medico/gallery-regular-3-cols.html]
[html.modernwebtemplates.com/medico/gallery-regular-4-cols.html]
[html.modernwebtemplates.com/medico/gallery-fullwidth.html]
[html.modernwebtemplates.com/medico/gallery-fullwidth-3-cols.html]
[html.modernwebtemplates.com/medico/gallery-fullwidth-4-cols.html]
[html.modernwebtemplates.com/medico/gallery-fullwidth-6-cols.html]
[html.modernwebtemplates.com/medico/gallery-extended.html]
[html.modernwebtemplates.com/medico/gallery-extended-2-cols.html]
[html.modernwebtemplates.com/medico/gallery-extended-3-cols.html]
[html.modernwebtemplates.com/medico/gallery-carousel.html]
[html.modernwebtemplates.com/medico/gallery-carousel-2-cols.html]
[html.modernwebtemplates.com/medico/gallery-carousel-3-cols.html]
[html.modernwebtemplates.com/medico/gallery-carousel-4-cols.html]
[html.modernwebtemplates.com/medico/gallery-tile.html]
[html.modernwebtemplates.com/medico/gallery-left.html]
[html.modernwebtemplates.com/medico/gallery-left-2-cols.html]
[html.modernwebtemplates.com/medico/gallery-right.html]
[html.modernwebtemplates.com/medico/gallery-right-2-cols.html]
[html.modernwebtemplates.com/medico/gallery-single.html]
[html.modernwebtemplates.com/medico/gallery-single2.html]
[html.modernwebtemplates.com/medico/gallery-single3.html]
[html.modernwebtemplates.com/medico/images/side-image.jpg]
[html.modernwebtemplates.com/medico/blog-right.html]
[html.modernwebtemplates.com/medico/blog-right-2-cols.html]
[html.modernwebtemplates.com/medico/blog-left.html]
[html.modernwebtemplates.com/medico/blog-left-2-cols.html]
[html.modernwebtemplates.com/medico/blog-full.html]
[html.modernwebtemplates.com/medico/blog-full-2-cols.html]
[html.modernwebtemplates.com/medico/blog-full-3-cols.html]
[html.modernwebtemplates.com/medico/blog-single-right.html]
[html.modernwebtemplates.com/medico/blog-single-left.html]
[html.modernwebtemplates.com/medico/blog-single-full.html]
[html.modernwebtemplates.com/medico/images/shop/category_banner.jpg]
[html.modernwebtemplates.com/medico/images/shop/04.jpg]
[html.modernwebtemplates.com/medico/images/shop/05.jpg]
[html.modernwebtemplates.com/medico/images/shop/06.jpg]
[html.modernwebtemplates.com/medico/images/shop/07.jpg]
[html.modernwebtemplates.com/medico/images/shop/08.jpg]
[html.modernwebtemplates.com/medico/images/shop/09.jpg]
[html.modernwebtemplates.com/medico/shop-left.html]
[html.modernwebtemplates.com/medico/shop-right.html]
[html.modernwebtemplates.com/medico/shop-full.html]
[html.modernwebtemplates.com/medico/shop-list-left.html]
[html.modernwebtemplates.com/medico/shop-list-right.html]
[html.modernwebtemplates.com/medico/shop-list-full.html]
[html.modernwebtemplates.com/medico/product-left.html]
[html.modernwebtemplates.com/medico/product-right.html]
[html.modernwebtemplates.com/medico/product-full.html]
[html.modernwebtemplates.com/medico/cart-left.html]
[html.modernwebtemplates.com/medico/cart-right.html]
[html.modernwebtemplates.com/medico/cart-full.html]
[html.modernwebtemplates.com/medico/checkout-left.html]
[html.modernwebtemplates.com/medico/checkout-right.html]
[html.modernwebtemplates.com/medico/checkout-full.html]
[html.modernwebtemplates.com/medico/register.html]
[html.modernwebtemplates.com/medico/contact.html]
[html.modernwebtemplates.com/medico/contact2.html]
[html.modernwebtemplates.com/medico/contact3.html]
[html.modernwebtemplates.com/medico/fonts/glyphicons-halflings-regular.svg]
[html.modernwebtemplates.com/medico/images/parallax/services.html]
[html.modernwebtemplates.com/medico/fonts/rt-icons-23dab.svg]
[html.modernwebtemplates.com/medico/fonts/socicon.svg]
[html.modernwebtemplates.com/medico/fonts/fontawesome-webfont5b62.svg]
[html.modernwebtemplates.com/medico/css/main.css]
[html.modernwebtemplates.com/medico/register-right.html]
[html.modernwebtemplates.com/medico/gallery.html]
[html.modernwebtemplates.com/medico/product-single-right.html]
[html.modernwebtemplates.com/medico/product-single-right.html]
